   Compiling privoxy-rust v4.1.0 (F:\log\privoxy-4.1.0-stable\privoxy-rust)
error[E0433]: cannot find `cgi` in `crate`
  --> src\connection.rs:41:29
   |
41 |     cgi_handler: Arc<crate::cgi::CgiHandler>,
   |                             ^^^ could not find `cgi` in the crate root
   |
note: found an item that was configured out
  --> src\main.rs:30:5
   |
29 | #[cfg(feature = "cgi")]
   |       --------------- the item is gated behind the `cgi` feature
30 | mod cgi;
   |     ^^^

error[E0433]: cannot find `cgi` in `crate`
  --> src\connection.rs:45:110
   |
45 | ...config: ConfigRef, cgi_handler: Arc<crate::cgi::CgiHandler>) -> Self {
   |                                               ^^^ could not find `cgi` in the crate root
   |
note: found an item that was configured out
  --> src\main.rs:30:5
   |
29 | #[cfg(feature = "cgi")]
   |       --------------- the item is gated behind the `cgi` feature
30 | mod cgi;
   |     ^^^

error[E0433]: cannot find `cgi` in `crate`
  --> src\server.rs:20:29
   |
20 |     cgi_handler: Arc<crate::cgi::CgiHandler>,
   |                             ^^^ could not find `cgi` in the crate root
   |
note: found an item that was configured out
  --> src\main.rs:30:5
   |
29 | #[cfg(feature = "cgi")]
   |       --------------- the item is gated behind the `cgi` feature
30 | mod cgi;
   |     ^^^

error[E0433]: cannot find `cgi` in `crate`
  --> src\server.rs:27:43
   |
27 |         let cgi_handler = Arc::new(crate::cgi::CgiHandler::new(config.clone(), state.clone()));
   |                                           ^^^ could not find `cgi` in the crate root
   |
note: found an item that was configured out
  --> src\main.rs:30:5
   |
29 | #[cfg(feature = "cgi")]
   |       --------------- the item is gated behind the `cgi` feature
30 | mod cgi;
   |     ^^^

error[E0433]: cannot find `cgi` in `crate`
  --> src\server.rs:39:43
   |
39 |         let cgi_handler = Arc::new(crate::cgi::CgiHandler::new(config.clone(), state.clone()));
   |                                           ^^^ could not find `cgi` in the crate root
   |
note: found an item that was configured out
  --> src\main.rs:30:5
   |
29 | #[cfg(feature = "cgi")]
   |       --------------- the item is gated behind the `cgi` feature
30 | mod cgi;
   |     ^^^

error[E0433]: cannot find `cgi` in `crate`
  --> src\server.rs:55:29
   |
55 |             Arc::new(crate::cgi::CgiHandler::new(Arc::new(config_guard.clone()), state.clone()))
   |                             ^^^ could not find `cgi` in the crate root
   |
note: found an item that was configured out
  --> src\main.rs:30:5
   |
29 | #[cfg(feature = "cgi")]
   |       --------------- the item is gated behind the `cgi` feature
30 | mod cgi;
   |     ^^^

error[E0433]: cannot find `cgi` in `crate`
   --> src\server.rs:117:114
    |
117 |     async fn accept_loop(listener: TcpListener, state: Arc<AppState>, config: ConfigRef, cgi_handler: Arc<crate::cgi::CgiHandler>) {
    |                                                                                                                  ^^^ could not find `cgi` in the crate root
    |
note: found an item that was configured out
   --> src\main.rs:30:5
    |
 29 | #[cfg(feature = "cgi")]
    |       --------------- the item is gated behind the `cgi` feature
 30 | mod cgi;
    |     ^^^

error[E0433]: cannot find `cgi` in `crate`
   --> src\server.rs:188:33
    |
188 |         cgi_handler: Arc<crate::cgi::CgiHandler>,
    |                                 ^^^ could not find `cgi` in the crate root
    |
note: found an item that was configured out
   --> src\main.rs:30:5
    |
 29 | #[cfg(feature = "cgi")]
    |       --------------- the item is gated behind the `cgi` feature
 30 | mod cgi;
    |     ^^^

warning: unused import: `HWND`
  --> src\tray_icon.rs:44:45
   |
44 | use windows::Win32::Foundation::{HINSTANCE, HWND};
   |                                             ^^^^
   |
   = note: `#[warn(unused_imports)]` (part of `#[warn(unused)]`) on by default

warning: variable does not need to be mutable
  --> src\connection.rs:60:13
   |
60 |         let mut request = match self.read_request().await? {
   |             ----^^^^^^^
   |             |
   |             help: remove this `mut`
   |
   = note: `#[warn(unused_mut)]` (part of `#[warn(unused)]`) on by default

warning: use of deprecated method `winit::event_loop::EventLoop::<T>::run`: use `EventLoop::run_app` instead
   --> src\tray_icon.rs:529:20
    |
529 |         event_loop.run(move |event, _| {
    |                    ^^^
    |
    = note: `#[warn(deprecated)]` on by default

warning: variable does not need to be mutable
   --> src\logger.rs:134:47
    |
134 | ...                   if let Ok(mut cache) = log_cache_ui.lock() {
    |                                 ----^^^^^
    |                                 |
    |                                 help: remove this `mut`

For more information about this error, try `rustc --explain E0433`.
warning: `privoxy-rust` (bin "privoxy-rust") generated 4 warnings
error: could not compile `privoxy-rust` (bin "privoxy-rust") due to 8 previous errors; 4 warnings emitted
