   Compiling privoxy-rust v4.1.0 (F:\log\privoxy-4.1.0-stable\privoxy-rust)
warning: hard linking files in the incremental compilation cache failed. copying files instead. consider moving the cache directory to a file system which supports hard linking in session dir `\\?\F:\log\privoxy-4.1.0-stable\privoxy-rust\target\debug\incremental\privoxy_rust-035a5qz7x4nai\s-hh1i4zk5ux-167fz2e-working`

warning: unused import: `rfd::MessageDialog`
  --> src\tray_icon.rs:36:5
   |
36 | use rfd::MessageDialog;
   |     ^^^^^^^^^^^^^^^^^^
   |
   = note: `#[warn(unused_imports)]` (part of `#[warn(unused)]`) on by default

warning: unused import: `HWND`
  --> src\tray_icon.rs:48:45
   |
48 | use windows::Win32::Foundation::{HINSTANCE, HWND};
   |                                             ^^^^

warning: variable does not need to be mutable
  --> src\connection.rs:60:13
   |
60 |         let mut request = match self.read_request().await? {
   |             ----^^^^^^^
   |             |
   |             help: remove this `mut`
   |
   = note: `#[warn(unused_mut)]` (part of `#[warn(unused)]`) on by default

warning: use of deprecated method `winit::event_loop::EventLoop::<T>::run`: use `EventLoop::run_app` instead
   --> src\tray_icon.rs:400:20
    |
400 |         event_loop.run(move |event, _| {
    |                    ^^^
    |
    = note: `#[warn(deprecated)]` on by default

error[E0599]: no function or associated item named `new_non_wrapping` found for struct `MultilineEntry` in the current scope
   --> src\tray_icon.rs:893:44
    |
893 |     let mut log_textarea = MultilineEntry::new_non_wrapping();
    |                                            ^^^^^^^^^^^^^^^^ function or associated item not found in `MultilineEntry`
    |
note: if you're trying to build a new `MultilineEntry` consider using one of the following associated functions:
      MultilineEntry::from_raw
      MultilineEntry::new
      MultilineEntry::new_nonwrapping
   --> C:\Users\zhang\.cargo\registry\src\index.crates.io-1949cf8c6b5b557f\libui-0.4.0\src\controls\textentry.rs:64:5
    |
 39 | / define_control! {
 40 | |     /// Multi-line editable text buffer.
 41 | |     rust_type: MultilineEntry,
 42 | |     sys_type: uiMultilineEntry
 43 | | }
    | |_- in this macro invocation
...
 64 |       pub fn new() -> MultilineEntry {
    |       ^^^^^^^^^^^^^^^^^^^^^^^^^^^^^^
...
 69 |       pub fn new_nonwrapping() -> MultilineEntry {
    |       ^^^^^^^^^^^^^^^^^^^^^^^^^^^^^^^^^^^^^^^^^^
    |
   ::: C:\Users\zhang\.cargo\registry\src\index.crates.io-1949cf8c6b5b557f\libui-0.4.0\src\controls\create_macro.rs:77:13
    |
 77 |               pub unsafe fn from_raw($sys_type: *mut $sys_type) -> $rust_type {
    |               ^^^^^^^^^^^^^^^^^^^^^^^^^^^^^^^^^^^^^^^^^^^^^^^^^^^^^^^^^^^^^^^
    = note: this error originates in the macro `define_control` (in Nightly builds, run with -Z macro-backtrace for more info)
help: there is an associated function `new_nonwrapping` with a similar name
    |
893 -     let mut log_textarea = MultilineEntry::new_non_wrapping();
893 +     let mut log_textarea = MultilineEntry::new_nonwrapping();
    |

warning: unused import: `std::fmt::Write`
  --> src\cgi.rs:22:5
   |
22 | use std::fmt::Write as _;
   |     ^^^^^^^^^^^^^^^

warning: variable does not need to be mutable
   --> src\logger.rs:134:47
    |
134 | ...                   if let Ok(mut cache) = log_cache_ui.lock() {
    |                                 ----^^^^^
    |                                 |
    |                                 help: remove this `mut`

error: lifetime may not live long enough
   --> src\tray_icon.rs:127:129
    |
127 | ...licked(move |_, _| { if let Some(path) = &config_o.config_file { std::thread::spawn(|| { let _ = opener::open(path); }); } });
    |           ----------- lifetime `'1` represents this closure's body  ^^^^^^^^^^^^^^^^^^^^^^^^^^^^^^^^^^^^^^^^^^^^^^^^^^^^^^ argument requires that `'1` must outlive `'static`
    |
    = note: closure implements `FnMut`, so references to captured variables can't escape the closure

error[E0373]: closure may outlive the current function, but it borrows `path`, which is owned by the current function
   --> src\tray_icon.rs:127:148
    |
127 | ...g_o.config_file { std::thread::spawn(|| { let _ = opener::open(path); }); } });
    |                                         ^^                        ---- `path` is borrowed here
    |                                         |
    |                                         may outlive borrowed value `path`
    |
note: function requires argument type to outlive `'static`
   --> src\tray_icon.rs:127:129
    |
127 | ...Some(path) = &config_o.config_file { std::thread::spawn(|| { let _ = opener::open(path); }); } });
    |                                         ^^^^^^^^^^^^^^^^^^^^^^^^^^^^^^^^^^^^^^^^^^^^^^^^^^^^^^
help: to force the closure to take ownership of `path` (and any other referenced variables), use the `move` keyword
    |
127 |             options_menu.append_item("Main Configuration").on_clicked(move |_, _| { if let Some(path) = &config_o.config_file { std::thread::spawn(move || { let _ = opener::open(path); }); } });
    |                                                                                                                                                    ++++

Some errors have detailed explanations: E0373, E0599.
For more information about an error, try `rustc --explain E0373`.
warning: `privoxy-rust` (bin "privoxy-rust") generated 7 warnings
error: could not compile `privoxy-rust` (bin "privoxy-rust") due to 3 previous errors; 7 warnings emitted
