   Compiling privoxy-rust v4.1.0 (F:\log\privoxy-4.1.0-stable\privoxy-rust)
warning: hard linking files in the incremental compilation cache failed. copying files instead. consider moving the cache directory to a file system which supports hard linking in session dir `\\?\F:\log\privoxy-4.1.0-stable\privoxy-rust\target\debug\incremental\privoxy_rust-06gluco9hz3xt\s-hh1j6ztpfg-0407pcq-working`

warning: unused import: `rfd::MessageDialog`
  --> src\tray_icon.rs:35:5
   |
35 | use rfd::MessageDialog;
   |     ^^^^^^^^^^^^^^^^^^
   |
   = note: `#[warn(unused_imports)]` (part of `#[warn(unused)]`) on by default

warning: unused import: `w`
  --> src\tray_icon.rs:45:29
   |
45 | use windows::core::{PCWSTR, w};
   |                             ^

warning: unused import: `HWND`
  --> src\tray_icon.rs:47:45
   |
47 | use windows::Win32::Foundation::{HINSTANCE, HWND};
   |                                             ^^^^

warning: unused imports: `FindWindowW`, `IsIconic`, `SW_RESTORE`, `SetForegroundWindow`, and `ShowWindow`
  --> src\tray_icon.rs:49:47
   |
49 | use windows::Win32::UI::WindowsAndMessaging::{FindWindowW, SetForegroundWindow, ShowWindow, SW_RESTORE, IsIconic};
   |                                               ^^^^^^^^^^^  ^^^^^^^^^^^^^^^^^^^  ^^^^^^^^^^  ^^^^^^^^^^  ^^^^^^^^

warning: variable does not need to be mutable
  --> src\connection.rs:60:13
   |
60 |         let mut request = match self.read_request().await? {
   |             ----^^^^^^^
   |             |
   |             help: remove this `mut`
   |
   = note: `#[warn(unused_mut)]` (part of `#[warn(unused)]`) on by default

warning: use of deprecated method `winit::event_loop::EventLoop::<T>::run`: use `EventLoop::run_app` instead
   --> src\tray_icon.rs:262:20
    |
262 |         event_loop.run(move |event, _| {
    |                    ^^^
    |
    = note: `#[warn(deprecated)]` on by default

warning: unused import: `std::fmt::Write`
  --> src\cgi.rs:22:5
   |
22 | use std::fmt::Write as _;
   |     ^^^^^^^^^^^^^^^

warning: unused import: `std::io::Write`
 --> src\tray_icon.rs:7:5
  |
7 | use std::io::Write;
  |     ^^^^^^^^^^^^^^

warning: variable does not need to be mutable
   --> src\logger.rs:134:47
    |
134 | ...                   if let Ok(mut cache) = log_cache_ui.lock() {
    |                                 ----^^^^^
    |                                 |
    |                                 help: remove this `mut`

错误: 没有找到进程 "privoxy-rust.exe"。
warning: `privoxy-rust` (bin "privoxy-rust") generated 10 warnings (run `cargo fix --bin "privoxy-rust" -p privoxy-rust` to apply 6 suggestions)
    Finished `dev` profile [unoptimized + debuginfo] target(s) in 9.44s
     Running `target\debug\privoxy-rust.exe`
error: process didn't exit successfully: `target\debug\privoxy-rust.exe` (exit code: 0x80000003)
